******************************************************************************
               TMS320C6x Linker PC v8.1.1                      
******************************************************************************
>> Linked Fri Apr 07 14:58:52 2017

OUTPUT FILE NAME:   <test1.out>
ENTRY POINT SYMBOL: "_c_int00"  address: 80007360


MEMORY CONFIGURATION

         name            origin    length      used     unused   attr    fill
----------------------  --------  ---------  --------  --------  ----  --------
  DSPL2ROM              00700000   00100000  00000000  00100000  RWIX
  DSPL2RAM              00800000   00040000  00000000  00040000  RWIX
  DSPL1PRAM             00e00000   00008000  00000000  00008000  RWIX
  DSPL1DRAM             00f00000   00008000  00000000  00008000  RWIX
  SHDSPL2ROM            11700000   00100000  00000000  00100000  RWIX
  SHDSPL2RAM            11800000   00040000  00000000  00040000  RWIX
  SHDSPL1PRAM           11e00000   00008000  00000000  00008000  RWIX
  SHDSPL1DRAM           11f00000   00008000  00000000  00008000  RWIX
  EMIFASDRAM            40000000   08000000  00000000  08000000  RWIX
  EMIFACS2              60000000   02000000  00000000  02000000  RWIX
  EMIFACS3              62000000   02000000  00000000  02000000  RWIX
  EMIFACS4              64000000   02000000  00000000  02000000  RWIX
  EMIFACS5              66000000   02000000  00000000  02000000  RWIX
  SHRAM                 80000000   00020000  00008efc  00017104  RWIX
  EMIFBSDRAM            c0000000   10000000  00000000  10000000  RWIX


SEGMENT ALLOCATION MAP

run origin  load origin   length   init length attrs members
----------  ----------- ---------- ----------- ----- -------
80000000    80000000    00007760   00007760    r-x
  80000000    80000000    00007760   00007760    r-x .text
80007760    80007760    00001468   00000000    rw-
  80007760    80007760    00000800   00000000    rw- .stack
  80007f60    80007f60    00000800   00000000    rw- .sysmem
  80008760    80008760    0000031c   00000000    rw- .fardata
  80008a80    80008a80    00000148   00000000    rw- .far
80008bc8    80008bc8    00000138   00000138    r--
  80008bc8    80008bc8    00000138   00000138    r-- .const
80008d00    80008d00    00000120   00000000    rw-
  80008d00    80008d00    00000120   00000000    rw- .cio
80008e20    80008e20    000000e0   000000e0    r--
  80008e20    80008e20    00000048   00000048    r-- .switch
  80008e68    80008e68    00000098   00000098    r-- .cinit


SECTION ALLOCATION MAP

 output                                  attributes/
section   page    origin      length       input sections
--------  ----  ----------  ----------   ----------------
.text      0    80000000    00007760     
                  80000000    00000860     rts6740_elf.lib : _printfi.obj (.text:_pproc_diouxp)
                  80000860    00000780                     : _printfi.obj (.text:__TI_printfi)
                  80000fe0    00000740     C6747_init.obj (.text)
                  80001720    000005c0     rts6740_elf.lib : divd.obj (.text:__c6xabi_divd)
                  80001ce0    000005a0                     : _printfi.obj (.text:_setfield)
                  80002280    00000580                     : _printfi.obj (.text:_pconv_g)
                  80002800    000004a0                     : _printfi.obj (.text:_pconv_e)
                  80002ca0    00000420                     : _printfi.obj (.text:_pconv_a)
                  800030c0    000003c0                     : memory.obj (.text:free)
                  80003480    00000360                     : _printfi.obj (.text:acvt)
                  800037e0    00000360                     : fputs.obj (.text:fputs)
                  80003b40    00000320                     : _printfi.obj (.text:_pproc_fgea)
                  80003e60    000002a0                     : _printfi.obj (.text:_pconv_f)
                  80004100    000002a0                     : _printfi.obj (.text:_pproc_fwp)
                  800043a0    00000280                     : _printfi.obj (.text:fcvt)
                  80004620    00000260                     : imath64.obj (.text:__c6xabi_divull)
                  80004880    00000240                     : setvbuf.obj (.text:setvbuf)
                  80004ac0    00000220     C6747.obj (.text)
                  80004ce0    00000220     rts6740_elf.lib : fputc.obj (.text:fputc)
                  80004f00    00000200                     : _printfi.obj (.text:_ltostr)
                  80005100    000001c0                     : imath40.obj (.text:__c6xabi_divul)
                  800052c0    000001c0                     : frexp.obj (.text:frexp)
                  80005480    000001a0                     : trgdrv.obj (.text:HOSTrename)
                  80005620    000001a0                     : lowlev.obj (.text:getdevice)
                  800057c0    00000180                     : ldexp.obj (.text:ldexp)
                  80005940    00000180                     : memory.obj (.text:malloc)
                  80005ac0    00000140                     : fclose.obj (.text:__TI_closefile)
                  80005c00    00000140                     : autoinit.obj (.text:_auto_init_elf)
                  80005d40    00000120                     : fseek.obj (.text:fseek)
                  80005e60    00000100                     : trgdrv.obj (.text:HOSTlseek)
                  80005f60    00000100                     : copy_decompress_rle.obj (.text:__TI_decompress_rle_core)
                  80006060    00000100                     : _io_perm.obj (.text:__TI_wrt_ok)
                  80006160    00000100                     : atoi.obj (.text:atoi)
                  80006260    00000100                     : cpy_tbl.obj (.text:copy_in)
                  80006360    000000e0                     : trgdrv.obj (.text:HOSTopen)
                  80006440    000000e0                     : trgdrv.obj (.text:HOSTwrite)
                  80006520    000000e0                     : lowlev.obj (.text:close)
                  80006600    000000e0                     : ltoa.obj (.text:ltoa)
                  800066e0    000000e0                     : memset.obj (.text:memset)
                  800067c0    000000e0                     : printf.obj (.text:printf)
                  800068a0    000000c0                     : trgdrv.obj (.text:HOSTread)
                  80006960    000000c0                     : trgdrv.obj (.text:HOSTunlink)
                  80006a20    000000c0                     : fflush.obj (.text:__TI_doflush)
                  80006ae0    000000c0                     : divu.obj (.text:__divu)
                  80006ba0    000000c0                     : exit.obj (.text:exit)
                  80006c60    000000c0                     : memory.obj (.text:mremove)
                  80006d20    000000c0                     : tls.obj (.text:tls:init:__TI_tls_init)
                  80006de0    000000a0                     : trgdrv.obj (.text:HOSTclose)
                  80006e80    000000a0                     : fopen.obj (.text:__TI_cleanup)
                  80006f20    000000a0                     : memory.obj (.text:_minit)
                  80006fc0    000000a0                     : memcpy64.obj (.text:memcpy)
                  80007060    000000a0                     : memory.obj (.text:minsert)
                  80007100    00000080                     : trgmsg.obj (.text:__TI_readmsg)
                  80007180    00000080                     : trgmsg.obj (.text:__TI_writemsg)
                  80007200    00000080                     : llshift.obj (.text:__c6xabi_llshl)
                  80007280    00000080                     : lowlev.obj (.text:unlink)
                  80007300    00000060                     : llshift.obj (.text:__c6xabi_llshru)
                  80007360    00000060                     : boot.obj (.text:_c_int00)
                  800073c0    00000060                     : imath64.obj (.text:_subcull)
                  80007420    00000060                     : lowlev.obj (.text:lseek)
                  80007480    00000060                     : memccpy.obj (.text:memccpy)
                  800074e0    00000060                     : lowlev.obj (.text:write)
                  80007540    00000040                     : frcmpyd_div.obj (.text:__TI_frcmpyd_div)
                  80007580    00000040                     : isinf.obj (.text:__c6xabi_isinf)
                  800075c0    00000040                     : _printfi.obj (.text:__c6xabi_isnan)
                  80007600    00000040                     : args_main.obj (.text:_args_main)
                  80007640    00000020                     : errno.obj (.text:__c6xabi_errno_addr)
                  80007660    00000020                     : _lock.obj (.text:_nop)
                  80007680    00000020                     : printf.obj (.text:_outc)
                  800076a0    00000020                     : printf.obj (.text:_outs)
                  800076c0    00000020                     : exit.obj (.text:abort)
                  800076e0    00000020                     : copy_zero_init.obj (.text:decompress:ZI:__TI_zero_init)
                  80007700    00000020                     : copy_decompress_none.obj (.text:decompress:none:__TI_decompress_none)
                  80007720    00000020                     : copy_decompress_rle.obj (.text:decompress:rle24:__TI_decompress_rle24)
                  80007740    00000020     main.obj (.text)

.stack     0    80007760    00000800     UNINITIALIZED
                  80007760    00000008     rts6740_elf.lib : boot.obj (.stack)
                  80007768    000007f8     --HOLE--

.sysmem    0    80007f60    00000800     UNINITIALIZED
                  80007f60    00000008     rts6740_elf.lib : memory.obj (.sysmem)
                  80007f68    000007f8     --HOLE--

.fardata   0    80008760    0000031c     UNINITIALIZED
                  80008760    000001e0     rts6740_elf.lib : defs.obj (.fardata:_ftable)
                  80008940    000000a0                     : lowlev.obj (.fardata:_stream)
                  800089e0    00000078                     : lowlev.obj (.fardata:_device)
                  80008a58    0000000c                     : exit.obj (.fardata)
                  80008a64    00000008                     : memory.obj (.fardata)
                  80008a6c    00000004                     : _lock.obj (.fardata:_lock)
                  80008a70    00000004                     : _lock.obj (.fardata:_unlock)
                  80008a74    00000004                     : defs.obj (.fardata)
                  80008a78    00000004                     : errno.obj (.fardata)

.far       0    80008a80    00000148     UNINITIALIZED
                  80008a80    00000140     (.common:__TI_tmpnams)
                  80008bc0    00000008     (.common:parmbuf)

.const     0    80008bc8    00000138     
                  80008bc8    00000101     rts6740_elf.lib : ctype.obj (.const:.string:_ctypes_)
                  80008cc9    00000003     --HOLE-- [fill = 0]
                  80008ccc    00000024                     : _printfi.obj (.const:.string)
                  80008cf0    00000010     main.obj (.const:.string)

.cio       0    80008d00    00000120     UNINITIALIZED
                  80008d00    00000120     rts6740_elf.lib : trgmsg.obj (.cio)

.switch    0    80008e20    00000048     
                  80008e20    00000038     rts6740_elf.lib : _printfi.obj (.switch:_pproc_fgea)
                  80008e58    00000010     C6747.obj (.switch:_resetEMIF)

.cinit     0    80008e68    00000098     
                  80008e68    0000006f     (.cinit..fardata.load) [load image, compression = rle]
                  80008ed7    00000001     --HOLE-- [fill = 0]
                  80008ed8    0000000c     (__TI_handler_table)
                  80008ee4    00000008     (.cinit..far.load) [load image, compression = zero_init]
                  80008eec    00000004     --HOLE-- [fill = 0]
                  80008ef0    00000010     (__TI_cinit_table)

.init_array 
*          0    80000000    00000000     UNINITIALIZED

MODULE SUMMARY

       Module                     code    ro data   rw data
       ------                     ----    -------   -------
    .\Src\
       C6747_init.obj             1856    0         0      
       C6747.obj                  544     16        0      
       main.obj                   32      16        0      
    +--+--------------------------+-------+---------+---------+
       Total:                     2432    32        0      
                                                           
    ../Lib/rts6740_elf.lib
       _printfi.obj               13376   92        0      
       memory.obj                 1856    0         8      
       trgdrv.obj                 1664    0         8      
       divd.obj                   1472    0         0      
       lowlev.obj                 960     0         280    
       fputs.obj                  864     0         0      
       defs.obj                   0       0         804    
       imath64.obj                704     0         0      
       setvbuf.obj                576     0         0      
       fputc.obj                  544     0         0      
       trgmsg.obj                 256     0         288    
       frexp.obj                  448     0         0      
       imath40.obj                448     0         0      
       ldexp.obj                  384     0         0      
       autoinit.obj               320     0         0      
       fclose.obj                 320     0         0      
       copy_decompress_rle.obj    288     0         0      
       fseek.obj                  288     0         0      
       printf.obj                 288     0         0      
       ctype.obj                  0       257       0      
       _io_perm.obj               256     0         0      
       atoi.obj                   256     0         0      
       cpy_tbl.obj                256     0         0      
       exit.obj                   224     0         12     
       llshift.obj                224     0         0      
       ltoa.obj                   224     0         0      
       memset.obj                 224     0         0      
       divu.obj                   192     0         0      
       fflush.obj                 192     0         0      
       tls.obj                    192     0         0      
       fopen.obj                  160     0         0      
       memcpy64.obj               160     0         0      
       boot.obj                   96      0         0      
       memccpy.obj                96      0         0      
       args_main.obj              64      0         0      
       frcmpyd_div.obj            64      0         0      
       isinf.obj                  64      0         0      
       _lock.obj                  32      0         8      
       errno.obj                  32      0         4      
       copy_decompress_none.obj   32      0         0      
       copy_zero_init.obj         32      0         0      
    +--+--------------------------+-------+---------+---------+
       Total:                     28128   349       1412   
                                                           
       Heap:                      0       0         2048   
       Stack:                     0       0         2048   
       Linker Generated:          0       147       0      
    +--+--------------------------+-------+---------+---------+
       Grand Total:               30560   528       5508   


LINKER GENERATED COPY TABLES

__TI_cinit_table @ 80008ef0 records: 2, size/record: 8, table size: 16
	.fardata: load addr=80008e68, load size=0000006f bytes, run addr=80008760, run size=0000031c bytes, compression=rle
	.far: load addr=80008ee4, load size=00000008 bytes, run addr=80008a80, run size=00000148 bytes, compression=zero_init


LINKER GENERATED HANDLER TABLE

__TI_handler_table @ 80008ed8 records: 3, size/record: 4, table size: 12
	index: 0, handler: __TI_zero_init
	index: 1, handler: __TI_decompress_rle24
	index: 2, handler: __TI_decompress_none


GLOBAL SYMBOLS: SORTED ALPHABETICALLY BY Name 

address   name                           
-------   ----                           
800076c0  C$$EXIT                        
800071e0  C$$IO$$                        
80004b48  C6747_init                     
80004ac0  C6747_wait                     
80004af0  C6747_waitusec                 
800016d0  CEint                          
80006de0  HOSTclose                      
80005e60  HOSTlseek                      
80006360  HOSTopen                       
800068a0  HOSTread                       
80005480  HOSTrename                     
80006960  HOSTunlink                     
80006440  HOSTwrite                      
80001450  InitPLL                        
80000fe0  PSC0_lPSC_enable               
800010a0  PSC1_lPSC_enable               
80001310  SystemConfig                   
80008d00  __CIOBUF_                      
80008ef0  __TI_CINIT_Base                
80008f00  __TI_CINIT_Limit               
80008ed8  __TI_Handler_Table_Base        
80008ee4  __TI_Handler_Table_Limit       
UNDEFED   __TI_INITARRAY_Base            
UNDEFED   __TI_INITARRAY_Limit           
80007f60  __TI_STACK_END                 
00000800  __TI_STACK_SIZE                
00000000  __TI_STATIC_BASE               
00000800  __TI_SYSMEM_SIZE               
UNDEFED   __TI_TLS_INIT_Base             
UNDEFED   __TI_TLS_INIT_Limit            
80006e80  __TI_cleanup                   
80008a58  __TI_cleanup_ptr               
80005ac0  __TI_closefile                 
80007700  __TI_decompress_none           
80007720  __TI_decompress_rle24          
80006a20  __TI_doflush                   
80008a5c  __TI_dtors_ptr                 
80008a60  __TI_enable_exit_profile_output
80007540  __TI_frcmpyd_div               
80008a74  __TI_ft_end                    
ffffffff  __TI_pprof_out_hndl            
80000860  __TI_printfi                   
ffffffff  __TI_prof_data_size            
ffffffff  __TI_prof_data_start           
80007100  __TI_readmsg                   
80006d20  __TI_tls_init                  
80008a80  __TI_tmpnams                   
80007180  __TI_writemsg                  
80006060  __TI_wrt_ok                    
800076e0  __TI_zero_init                 
ffffffff  __binit__                      
80001720  __c6xabi_divd                  
80006ae0  __c6xabi_divu                  
80005100  __c6xabi_divul                 
80004620  __c6xabi_divull                
80007640  __c6xabi_errno_addr            
80007580  __c6xabi_isinf                 
80007200  __c6xabi_llshl                 
80007300  __c6xabi_llshru                
ffffffff  __c_args__                     
80006ae0  __divu                         
80008a78  __errno                        
80007600  _args_main                     
80005c00  _auto_init_elf                 
80007360  _c_int00                       
80008bc8  _ctypes_                       
80008760  _ftable                        
80008a6c  _lock                          
80006f20  _minit                         
80007660  _nop                           
80004b58  _resetEMIF                     
80004c80  _setupEMIF                     
80007760  _stack                         
800073c0  _subcull                       
80007f60  _sys_memory                    
80008a70  _unlock                        
80004b14  _wait                          
800076c0  abort                          
80006160  atoi                           
ffffffff  binit                          
80006520  close                          
80006260  copy_in                        
80001680  emifconfig                     
80008a78  errno                          
80006ba0  exit                           
80004ce0  fputc                          
800037e0  fputs                          
800030c0  free                           
800052c0  frexp                          
800052c0  frexpl                         
80005d40  fseek                          
80001160  initpsc                        
800057c0  ldexp                          
800057c0  ldexpl                         
80007420  lseek                          
80006600  ltoa                           
80007740  main                           
80005940  malloc                         
80007480  memccpy                        
80006fc0  memcpy                         
800066e0  memset                         
800067c0  printf                         
80004ce0  putc                           
80007280  remove                         
80004880  setvbuf                        
8000170c  sysinit                        
80007280  unlink                         
800074e0  write                          


GLOBAL SYMBOLS: SORTED BY Symbol Address 

address   name                           
-------   ----                           
00000000  __TI_STATIC_BASE               
00000800  __TI_STACK_SIZE                
00000800  __TI_SYSMEM_SIZE               
80000860  __TI_printfi                   
80000fe0  PSC0_lPSC_enable               
800010a0  PSC1_lPSC_enable               
80001160  initpsc                        
80001310  SystemConfig                   
80001450  InitPLL                        
80001680  emifconfig                     
800016d0  CEint                          
8000170c  sysinit                        
80001720  __c6xabi_divd                  
800030c0  free                           
800037e0  fputs                          
80004620  __c6xabi_divull                
80004880  setvbuf                        
80004ac0  C6747_wait                     
80004af0  C6747_waitusec                 
80004b14  _wait                          
80004b48  C6747_init                     
80004b58  _resetEMIF                     
80004c80  _setupEMIF                     
80004ce0  fputc                          
80004ce0  putc                           
80005100  __c6xabi_divul                 
800052c0  frexp                          
800052c0  frexpl                         
80005480  HOSTrename                     
800057c0  ldexp                          
800057c0  ldexpl                         
80005940  malloc                         
80005ac0  __TI_closefile                 
80005c00  _auto_init_elf                 
80005d40  fseek                          
80005e60  HOSTlseek                      
80006060  __TI_wrt_ok                    
80006160  atoi                           
80006260  copy_in                        
80006360  HOSTopen                       
80006440  HOSTwrite                      
80006520  close                          
80006600  ltoa                           
800066e0  memset                         
800067c0  printf                         
800068a0  HOSTread                       
80006960  HOSTunlink                     
80006a20  __TI_doflush                   
80006ae0  __c6xabi_divu                  
80006ae0  __divu                         
80006ba0  exit                           
80006d20  __TI_tls_init                  
80006de0  HOSTclose                      
80006e80  __TI_cleanup                   
80006f20  _minit                         
80006fc0  memcpy                         
80007100  __TI_readmsg                   
80007180  __TI_writemsg                  
800071e0  C$$IO$$                        
80007200  __c6xabi_llshl                 
80007280  remove                         
80007280  unlink                         
80007300  __c6xabi_llshru                
80007360  _c_int00                       
800073c0  _subcull                       
80007420  lseek                          
80007480  memccpy                        
800074e0  write                          
80007540  __TI_frcmpyd_div               
80007580  __c6xabi_isinf                 
80007600  _args_main                     
80007640  __c6xabi_errno_addr            
80007660  _nop                           
800076c0  C$$EXIT                        
800076c0  abort                          
800076e0  __TI_zero_init                 
80007700  __TI_decompress_none           
80007720  __TI_decompress_rle24          
80007740  main                           
80007760  _stack                         
80007f60  __TI_STACK_END                 
80007f60  _sys_memory                    
80008760  _ftable                        
80008a58  __TI_cleanup_ptr               
80008a5c  __TI_dtors_ptr                 
80008a60  __TI_enable_exit_profile_output
80008a6c  _lock                          
80008a70  _unlock                        
80008a74  __TI_ft_end                    
80008a78  __errno                        
80008a78  errno                          
80008a80  __TI_tmpnams                   
80008bc8  _ctypes_                       
80008d00  __CIOBUF_                      
80008ed8  __TI_Handler_Table_Base        
80008ee4  __TI_Handler_Table_Limit       
80008ef0  __TI_CINIT_Base                
80008f00  __TI_CINIT_Limit               
ffffffff  __TI_pprof_out_hndl            
ffffffff  __TI_prof_data_size            
ffffffff  __TI_prof_data_start           
ffffffff  __binit__                      
ffffffff  __c_args__                     
ffffffff  binit                          
UNDEFED   __TI_INITARRAY_Base            
UNDEFED   __TI_INITARRAY_Limit           
UNDEFED   __TI_TLS_INIT_Base             
UNDEFED   __TI_TLS_INIT_Limit            

[108 symbols]
